=== RUN-014 START 2026-08-13T21:01:48+01:00 ===
chain=1 phase=compile seconds=6.279 dense_mass=True
gradient_timing median_seconds=0.535522 compile_seconds=1.410
chain=1 phase=warmup iteration=1/200 step_size=2.335065e+00 mean_tree_depth=1.00 divergences_so_far=1 seconds_per_iteration=0.492
chain=1 phase=warmup iteration=10/200 step_size=2.513786e-04 mean_tree_depth=4.40 divergences_so_far=2 seconds_per_iteration=28.499
chain=1 phase=warmup iteration=20/200 step_size=3.869291e-03 mean_tree_depth=6.40 divergences_so_far=2 seconds_per_iteration=46.994
chain=1 phase=warmup iteration=30/200 step_size=5.485931e-04 mean_tree_depth=7.00 divergences_so_far=2 seconds_per_iteration=58.370
chain=1 phase=warmup iteration=40/200 step_size=6.436036e-05 mean_tree_depth=6.90 divergences_so_far=2 seconds_per_iteration=56.773
chain=1 phase=warmup iteration=50/200 step_size=1.852104e-04 mean_tree_depth=7.00 divergences_so_far=2 seconds_per_iteration=60.629
chain=1 phase=warmup iteration=60/200 step_size=1.798803e-03 mean_tree_depth=7.00 divergences_so_far=2 seconds_per_iteration=58.854
chain=1 phase=warmup iteration=70/200 step_size=1.759754e-03 mean_tree_depth=6.50 divergences_so_far=2 seconds_per_iteration=47.935
chain=1 phase=warmup iteration=80/200 step_size=8.822918e-04 mean_tree_depth=6.90 divergences_so_far=2 seconds_per_iteration=55.796
chain=1 phase=warmup iteration=90/200 step_size=1.690203e-03 mean_tree_depth=6.90 divergences_so_far=2 seconds_per_iteration=52.644
chain=1 phase=warmup iteration=100/200 step_size=1.484480e-03 mean_tree_depth=6.60 divergences_so_far=2 seconds_per_iteration=46.206
chain=1 phase=warmup iteration=110/200 step_size=4.112619e-02 mean_tree_depth=7.00 divergences_so_far=2 seconds_per_iteration=58.760
chain=1 phase=warmup iteration=120/200 step_size=2.519359e-02 mean_tree_depth=6.10 divergences_so_far=2 seconds_per_iteration=44.238
chain=1 phase=warmup iteration=130/200 step_size=3.042887e-02 mean_tree_depth=6.60 divergences_so_far=2 seconds_per_iteration=49.474
chain=1 phase=warmup iteration=140/200 step_size=4.245843e-02 mean_tree_depth=7.00 divergences_so_far=2 seconds_per_iteration=61.122
chain=1 phase=warmup iteration=150/200 step_size=1.275314e-02 mean_tree_depth=7.00 divergences_so_far=2 seconds_per_iteration=58.288
chain=1 phase=warmup iteration=160/200 step_size=1.948584e-02 mean_tree_depth=6.80 divergences_so_far=2 seconds_per_iteration=52.550
chain=1 phase=warmup iteration=170/200 step_size=1.364374e-03 mean_tree_depth=6.80 divergences_so_far=2 seconds_per_iteration=54.042
chain=1 phase=warmup iteration=180/200 step_size=4.060413e-02 mean_tree_depth=6.60 divergences_so_far=2 seconds_per_iteration=54.670
chain=1 phase=warmup iteration=190/200 step_size=2.851564e-02 mean_tree_depth=6.50 divergences_so_far=2 seconds_per_iteration=48.494
chain=1 phase=warmup iteration=200/200 step_size=3.055308e-02 mean_tree_depth=6.60 divergences_so_far=2 seconds_per_iteration=45.890
chain=1 phase=sampling iteration=1/100 step_size=3.055308e-02 mean_tree_depth=7.00 divergences_so_far=0 seconds_per_iteration=61.178
chain=1 phase=sampling iteration=10/100 step_size=3.055308e-02 mean_tree_depth=7.00 divergences_so_far=0 seconds_per_iteration=61.091
chain=1 phase=sampling iteration=20/100 step_size=3.055308e-02 mean_tree_depth=7.00 divergences_so_far=0 seconds_per_iteration=60.111
chain=1 phase=sampling iteration=30/100 step_size=3.055308e-02 mean_tree_depth=6.90 divergences_so_far=0 seconds_per_iteration=55.772
chain=1 phase=sampling iteration=40/100 step_size=3.055308e-02 mean_tree_depth=7.00 divergences_so_far=1 seconds_per_iteration=57.156
chain=1 phase=sampling iteration=50/100 step_size=3.055308e-02 mean_tree_depth=7.00 divergences_so_far=1 seconds_per_iteration=59.726
chain=1 phase=sampling iteration=60/100 step_size=3.055308e-02 mean_tree_depth=7.00 divergences_so_far=1 seconds_per_iteration=59.473
chain=1 phase=sampling iteration=70/100 step_size=3.055308e-02 mean_tree_depth=6.80 divergences_so_far=1 seconds_per_iteration=52.090
chain=1 phase=sampling iteration=80/100 step_size=3.055308e-02 mean_tree_depth=6.90 divergences_so_far=1 seconds_per_iteration=54.692
chain=1 phase=sampling iteration=90/100 step_size=3.055308e-02 mean_tree_depth=7.00 divergences_so_far=1 seconds_per_iteration=58.800
chain=1 phase=sampling iteration=100/100 step_size=3.055308e-02 mean_tree_depth=6.90 divergences_so_far=1 seconds_per_iteration=56.115
chain=2 phase=compile seconds=1.971 dense_mass=True
chain=2 phase=warmup iteration=1/200 step_size=2.335065e+00 mean_tree_depth=1.00 divergences_so_far=1 seconds_per_iteration=0.470
chain=2 phase=warmup iteration=10/200 step_size=2.546521e-03 mean_tree_depth=4.90 divergences_so_far=4 seconds_per_iteration=33.127
chain=2 phase=warmup iteration=20/200 step_size=7.921155e-04 mean_tree_depth=6.50 divergences_so_far=4 seconds_per_iteration=43.085
chain=2 phase=warmup iteration=30/200 step_size=7.349465e-03 mean_tree_depth=6.80 divergences_so_far=4 seconds_per_iteration=51.449
chain=2 phase=warmup iteration=40/200 step_size=6.381305e-03 mean_tree_depth=6.20 divergences_so_far=4 seconds_per_iteration=34.246
chain=2 phase=warmup iteration=50/200 step_size=1.173181e-02 mean_tree_depth=6.40 divergences_so_far=4 seconds_per_iteration=46.033
chain=2 phase=warmup iteration=60/200 step_size=5.401063e-03 mean_tree_depth=6.20 divergences_so_far=4 seconds_per_iteration=38.085
chain=2 phase=warmup iteration=70/200 step_size=3.898054e-03 mean_tree_depth=6.40 divergences_so_far=4 seconds_per_iteration=46.085
chain=2 phase=warmup iteration=80/200 step_size=6.582455e-03 mean_tree_depth=6.30 divergences_so_far=4 seconds_per_iteration=42.067
chain=2 phase=warmup iteration=90/200 step_size=1.628127e-02 mean_tree_depth=6.40 divergences_so_far=4 seconds_per_iteration=40.518
chain=2 phase=warmup iteration=100/200 step_size=4.233531e-03 mean_tree_depth=6.10 divergences_so_far=4 seconds_per_iteration=36.090
chain=2 phase=warmup iteration=110/200 step_size=1.750101e-02 mean_tree_depth=6.10 divergences_so_far=5 seconds_per_iteration=38.114
chain=2 phase=warmup iteration=120/200 step_size=9.090137e-02 mean_tree_depth=6.20 divergences_so_far=5 seconds_per_iteration=42.606
chain=2 phase=warmup iteration=130/200 step_size=3.706171e-02 mean_tree_depth=5.70 divergences_so_far=5 seconds_per_iteration=30.496
chain=2 phase=warmup iteration=140/200 step_size=2.114510e-02 mean_tree_depth=6.90 divergences_so_far=5 seconds_per_iteration=54.061
chain=2 phase=warmup iteration=150/200 step_size=8.100993e-02 mean_tree_depth=6.60 divergences_so_far=5 seconds_per_iteration=44.637
chain=2 phase=warmup iteration=160/200 step_size=4.039107e-02 mean_tree_depth=5.70 divergences_so_far=6 seconds_per_iteration=29.011
chain=2 phase=warmup iteration=170/200 step_size=1.268326e-01 mean_tree_depth=5.80 divergences_so_far=6 seconds_per_iteration=27.219
chain=2 phase=warmup iteration=180/200 step_size=1.013494e-01 mean_tree_depth=5.80 divergences_so_far=6 seconds_per_iteration=24.353
chain=2 phase=warmup iteration=190/200 step_size=1.407613e-02 mean_tree_depth=5.60 divergences_so_far=6 seconds_per_iteration=33.527
chain=2 phase=warmup iteration=200/200 step_size=2.962163e-02 mean_tree_depth=6.90 divergences_so_far=6 seconds_per_iteration=54.752
chain=2 phase=sampling iteration=1/100 step_size=2.962163e-02 mean_tree_depth=7.00 divergences_so_far=0 seconds_per_iteration=58.329
chain=2 phase=sampling iteration=10/100 step_size=2.962163e-02 mean_tree_depth=6.80 divergences_so_far=0 seconds_per_iteration=45.812
chain=2 phase=sampling iteration=20/100 step_size=2.962163e-02 mean_tree_depth=5.60 divergences_so_far=0 seconds_per_iteration=32.809
chain=2 phase=sampling iteration=30/100 step_size=2.962163e-02 mean_tree_depth=7.00 divergences_so_far=0 seconds_per_iteration=58.086
chain=2 phase=sampling iteration=40/100 step_size=2.962163e-02 mean_tree_depth=6.70 divergences_so_far=0 seconds_per_iteration=47.715
chain=2 phase=sampling iteration=50/100 step_size=2.962163e-02 mean_tree_depth=6.70 divergences_so_far=0 seconds_per_iteration=49.666
chain=2 phase=sampling iteration=60/100 step_size=2.962163e-02 mean_tree_depth=6.70 divergences_so_far=0 seconds_per_iteration=48.453
chain=2 phase=sampling iteration=70/100 step_size=2.962163e-02 mean_tree_depth=6.90 divergences_so_far=0 seconds_per_iteration=54.972
chain=2 phase=sampling iteration=80/100 step_size=2.962163e-02 mean_tree_depth=6.70 divergences_so_far=0 seconds_per_iteration=52.724
chain=2 phase=sampling iteration=90/100 step_size=2.962163e-02 mean_tree_depth=6.90 divergences_so_far=0 seconds_per_iteration=53.508
chain=2 phase=sampling iteration=100/100 step_size=2.962163e-02 mean_tree_depth=6.70 divergences_so_far=0 seconds_per_iteration=49.149
chain=3 phase=compile seconds=2.035 dense_mass=True
chain=3 phase=warmup iteration=1/200 step_size=2.335065e+00 mean_tree_depth=1.00 divergences_so_far=1 seconds_per_iteration=0.470
chain=3 phase=warmup iteration=10/200 step_size=1.820192e-03 mean_tree_depth=5.10 divergences_so_far=3 seconds_per_iteration=35.735
chain=3 phase=warmup iteration=20/200 step_size=1.975720e-02 mean_tree_depth=6.60 divergences_so_far=3 seconds_per_iteration=46.323
chain=3 phase=warmup iteration=30/200 step_size=1.146898e-02 mean_tree_depth=6.40 divergences_so_far=3 seconds_per_iteration=45.093
chain=3 phase=warmup iteration=40/200 step_size=8.833320e-03 mean_tree_depth=6.20 divergences_so_far=3 seconds_per_iteration=43.128
chain=3 phase=warmup iteration=50/200 step_size=7.194984e-03 mean_tree_depth=5.60 divergences_so_far=3 seconds_per_iteration=26.798
chain=3 phase=warmup iteration=60/200 step_size=2.921898e-03 mean_tree_depth=5.90 divergences_so_far=3 seconds_per_iteration=39.200
chain=3 phase=warmup iteration=70/200 step_size=1.769774e-03 mean_tree_depth=6.50 divergences_so_far=3 seconds_per_iteration=42.903
chain=3 phase=warmup iteration=80/200 step_size=1.051208e-02 mean_tree_depth=6.50 divergences_so_far=3 seconds_per_iteration=45.580
chain=3 phase=warmup iteration=90/200 step_size=1.013953e-02 mean_tree_depth=6.80 divergences_so_far=3 seconds_per_iteration=47.840
chain=3 phase=warmup iteration=100/200 step_size=1.153107e-02 mean_tree_depth=6.30 divergences_so_far=3 seconds_per_iteration=39.334
chain=3 phase=warmup iteration=110/200 step_size=1.863628e-01 mean_tree_depth=5.20 divergences_so_far=3 seconds_per_iteration=20.526
chain=3 phase=warmup iteration=120/200 step_size=5.187726e-02 mean_tree_depth=5.60 divergences_so_far=4 seconds_per_iteration=26.195
chain=3 phase=warmup iteration=130/200 step_size=6.882012e-03 mean_tree_depth=6.30 divergences_so_far=4 seconds_per_iteration=45.462
chain=3 phase=warmup iteration=140/200 step_size=5.633337e-02 mean_tree_depth=6.90 divergences_so_far=4 seconds_per_iteration=53.939
chain=3 phase=warmup iteration=150/200 step_size=8.246215e-02 mean_tree_depth=6.00 divergences_so_far=5 seconds_per_iteration=31.394
chain=3 phase=warmup iteration=160/200 step_size=1.765788e-02 mean_tree_depth=5.60 divergences_so_far=6 seconds_per_iteration=25.430
chain=3 phase=warmup iteration=170/200 step_size=1.896255e-02 mean_tree_depth=6.50 divergences_so_far=6 seconds_per_iteration=41.425
chain=3 phase=warmup iteration=180/200 step_size=1.185199e-01 mean_tree_depth=6.10 divergences_so_far=6 seconds_per_iteration=38.682
chain=3 phase=warmup iteration=190/200 step_size=4.905653e-02 mean_tree_depth=5.80 divergences_so_far=6 seconds_per_iteration=30.495
chain=3 phase=warmup iteration=200/200 step_size=4.157318e-02 mean_tree_depth=6.60 divergences_so_far=6 seconds_per_iteration=44.445
chain=3 phase=sampling iteration=1/100 step_size=4.157318e-02 mean_tree_depth=7.00 divergences_so_far=0 seconds_per_iteration=59.019
chain=3 phase=sampling iteration=10/100 step_size=4.157318e-02 mean_tree_depth=6.10 divergences_so_far=0 seconds_per_iteration=32.580
chain=3 phase=sampling iteration=20/100 step_size=4.157318e-02 mean_tree_depth=6.10 divergences_so_far=0 seconds_per_iteration=36.317
chain=3 phase=sampling iteration=30/100 step_size=4.157318e-02 mean_tree_depth=6.60 divergences_so_far=0 seconds_per_iteration=47.091
chain=3 phase=sampling iteration=40/100 step_size=4.157318e-02 mean_tree_depth=6.60 divergences_so_far=0 seconds_per_iteration=45.909
chain=3 phase=sampling iteration=50/100 step_size=4.157318e-02 mean_tree_depth=5.50 divergences_so_far=0 seconds_per_iteration=26.308
chain=3 phase=sampling iteration=60/100 step_size=4.157318e-02 mean_tree_depth=6.80 divergences_so_far=0 seconds_per_iteration=39.926
chain=3 phase=sampling iteration=70/100 step_size=4.157318e-02 mean_tree_depth=6.00 divergences_so_far=0 seconds_per_iteration=27.729
chain=3 phase=sampling iteration=80/100 step_size=4.157318e-02 mean_tree_depth=6.40 divergences_so_far=0 seconds_per_iteration=40.518
chain=3 phase=sampling iteration=90/100 step_size=4.157318e-02 mean_tree_depth=6.30 divergences_so_far=0 seconds_per_iteration=32.509
chain=3 phase=sampling iteration=100/100 step_size=4.157318e-02 mean_tree_depth=6.70 divergences_so_far=0 seconds_per_iteration=46.851
chain=4 phase=compile seconds=2.178 dense_mass=True
chain=4 phase=warmup iteration=1/200 step_size=2.335065e+00 mean_tree_depth=1.00 divergences_so_far=1 seconds_per_iteration=0.482
chain=4 phase=warmup iteration=10/200 step_size=4.804996e-04 mean_tree_depth=4.40 divergences_so_far=3 seconds_per_iteration=29.048
chain=4 phase=warmup iteration=20/200 step_size=4.943880e-03 mean_tree_depth=6.90 divergences_so_far=3 seconds_per_iteration=57.468
chain=4 phase=warmup iteration=30/200 step_size=1.193892e-02 mean_tree_depth=6.70 divergences_so_far=3 seconds_per_iteration=50.722
chain=4 phase=warmup iteration=40/200 step_size=5.686122e-03 mean_tree_depth=6.40 divergences_so_far=3 seconds_per_iteration=45.962
chain=4 phase=warmup iteration=50/200 step_size=2.192064e-03 mean_tree_depth=6.80 divergences_so_far=3 seconds_per_iteration=49.305
chain=4 phase=warmup iteration=60/200 step_size=3.982470e-03 mean_tree_depth=6.10 divergences_so_far=3 seconds_per_iteration=43.497
chain=4 phase=warmup iteration=70/200 step_size=2.621079e-03 mean_tree_depth=6.70 divergences_so_far=3 seconds_per_iteration=52.773
chain=4 phase=warmup iteration=80/200 step_size=3.291220e-03 mean_tree_depth=6.60 divergences_so_far=3 seconds_per_iteration=48.954
chain=4 phase=warmup iteration=90/200 step_size=7.949839e-03 mean_tree_depth=6.80 divergences_so_far=3 seconds_per_iteration=53.178
chain=4 phase=warmup iteration=100/200 step_size=1.009660e-02 mean_tree_depth=5.90 divergences_so_far=3 seconds_per_iteration=38.363
chain=4 phase=warmup iteration=110/200 step_size=1.919385e-02 mean_tree_depth=6.00 divergences_so_far=3 seconds_per_iteration=32.905
chain=4 phase=warmup iteration=120/200 step_size=4.898909e-02 mean_tree_depth=7.00 divergences_so_far=3 seconds_per_iteration=56.372
chain=4 phase=warmup iteration=130/200 step_size=1.064196e-02 mean_tree_depth=6.90 divergences_so_far=3 seconds_per_iteration=53.962
chain=4 phase=warmup iteration=140/200 step_size=4.228295e-02 mean_tree_depth=6.00 divergences_so_far=3 seconds_per_iteration=37.723
chain=4 phase=warmup iteration=150/200 step_size=5.699914e-02 mean_tree_depth=6.70 divergences_so_far=5 seconds_per_iteration=46.557
chain=4 phase=warmup iteration=160/200 step_size=5.417398e-02 mean_tree_depth=6.30 divergences_so_far=6 seconds_per_iteration=49.326
chain=4 phase=warmup iteration=170/200 step_size=1.239055e-01 mean_tree_depth=6.50 divergences_so_far=7 seconds_per_iteration=45.702
chain=4 phase=warmup iteration=180/200 step_size=3.760258e-02 mean_tree_depth=6.30 divergences_so_far=7 seconds_per_iteration=43.902
chain=4 phase=warmup iteration=190/200 step_size=2.423275e-02 mean_tree_depth=6.30 divergences_so_far=7 seconds_per_iteration=42.582
chain=4 phase=warmup iteration=200/200 step_size=2.537152e-02 mean_tree_depth=6.40 divergences_so_far=7 seconds_per_iteration=43.728
chain=4 phase=sampling iteration=1/100 step_size=2.537152e-02 mean_tree_depth=7.00 divergences_so_far=0 seconds_per_iteration=60.828
chain=4 phase=sampling iteration=10/100 step_size=2.537152e-02 mean_tree_depth=6.80 divergences_so_far=0 seconds_per_iteration=50.984
chain=4 phase=sampling iteration=20/100 step_size=2.537152e-02 mean_tree_depth=7.00 divergences_so_far=0 seconds_per_iteration=60.246
chain=4 phase=sampling iteration=30/100 step_size=2.537152e-02 mean_tree_depth=6.90 divergences_so_far=0 seconds_per_iteration=54.411
chain=4 phase=sampling iteration=40/100 step_size=2.537152e-02 mean_tree_depth=7.00 divergences_so_far=0 seconds_per_iteration=56.261
chain=4 phase=sampling iteration=50/100 step_size=2.537152e-02 mean_tree_depth=6.40 divergences_so_far=0 seconds_per_iteration=47.403
chain=4 phase=sampling iteration=60/100 step_size=2.537152e-02 mean_tree_depth=6.90 divergences_so_far=0 seconds_per_iteration=53.749
chain=4 phase=sampling iteration=70/100 step_size=2.537152e-02 mean_tree_depth=7.00 divergences_so_far=0 seconds_per_iteration=54.947
chain=4 phase=sampling iteration=80/100 step_size=2.537152e-02 mean_tree_depth=6.80 divergences_so_far=0 seconds_per_iteration=48.850
chain=4 phase=sampling iteration=90/100 step_size=2.537152e-02 mean_tree_depth=6.80 divergences_so_far=0 seconds_per_iteration=49.299
chain=4 phase=sampling iteration=100/100 step_size=2.537152e-02 mean_tree_depth=6.70 divergences_so_far=0 seconds_per_iteration=44.329
RUN014_EXIT:0 2026-08-14T12:16:35+01:00
